// Jest Snapshot v1, https://goo.gl/fbAQLP

exports[`should add an extension 1`] = `
"<p><icon></icon></p>
"
`;

exports[`should add an extension with a class 1`] = `
"<p><icon class=\\"my-class\\"></icon></p>
"
`;

exports[`should add an extension with a lone attribute 1`] = `
"<p><icon attr=\\"\\"></icon></p>
"
`;

exports[`should add an extension with a lone attribute with a default value 1`] = `
"<p><icon attr=\\"default\\"></icon></p>
"
`;

exports[`should add an extension with a mapped argument 1`] = `
"<p><icon icon=\\"my-icon\\"></icon></p>
"
`;

exports[`should add an extension with a mapped content 1`] = `
"<p><icon tooltip=\\"my-tooltip\\"></icon></p>
"
`;

exports[`should add an extension with a quoted attribute 1`] = `
"<p><icon attr=\\"my attribute\\"></icon></p>
"
`;

exports[`should add an extension with a replaced tag 1`] = `
"<p><my-icon></my-icon></p>
"
`;

exports[`should add an extension with all types of parameters 1`] = `
"<p><icon id=\\"my-id\\" class=\\"my-class\\" attr=\\"default\\" attr2=\\"my-attr\\" attr3=\\"my attribute\\"></icon></p>
"
`;

exports[`should add an extension with an attribute 1`] = `
"<p><icon attr=\\"my-attr\\"></icon></p>
"
`;

exports[`should add an extension with an id 1`] = `
"<p><icon id=\\"my-id\\"></icon></p>
"
`;

exports[`should work with a different placeholder 1`] = `
"<p><icon icon=\\"my-icon\\"></icon></p>
"
`;

exports[`should work with an element with a mapped property on a child 1`] = `
"<p><icon><p id=\\"test\\"></p></icon></p>
"
`;

exports[`should work with an element with multiple children 1`] = `
"<p><icon><p>test</p></icon></p>
"
`;

exports[`should work with an element with multiple children on the same level 1`] = `
"<p><icon><p>test</p><span>bla</span></icon></p>
"
`;

exports[`should work with other markdown 1`] = `
"<p>#heading</p>
<p><icon></icon></p>
"
`;
