// Jest Snapshot v1, https://goo.gl/fbAQLP

exports[`should log information if debug is enabled 1`] = `
"  1:1  [33mwarning[39m  Inline extension \`icon\` found
  1:1  [33mwarning[39m  Full match: \\"!icon\\"
  1:1  [33mwarning[39m  Content: \\"\\"
  1:1  [33mwarning[39m  Argument: \\"\\"
  1:1  [33mwarning[39m  Properties string: \\"\\"
  1:1  [33mwarning[39m  Computed properties: {}
  1:1  [33mwarning[39m  Hast output tree:
{
  \\"type\\": \\"inline-extension\\",
  \\"data\\": {
    \\"hName\\": \\"icon\\",
    \\"hChildren\\": [],
    \\"hProperties\\": {}
  }
}

[33m⚠[39m 7 warnings"
`;

exports[`should show a \`no issues found\` message 1`] = `"no issues found"`;
