// Jest Snapshot v1, https://goo.gl/fbAQLP

exports[`vue block extensions should add an extension 1`] = `<icon></icon>`;

exports[`vue block extensions should add an extension with a boolean property 1`] = `<icon highlight="true"></icon>`;

exports[`vue block extensions should add an extension with a class 1`] = `<icon class="my-class"></icon>`;

exports[`vue block extensions should add an extension with a lone attribute 1`] = `<icon attr=""></icon>`;

exports[`vue block extensions should add an extension with a lone attribute with a default boolean value 1`] = `<icon highlight="true"></icon>`;

exports[`vue block extensions should add an extension with a lone attribute with a default value 1`] = `<icon attr="default"></icon>`;

exports[`vue block extensions should add an extension with a mapped argument 1`] = `<icon icon="my-icon"></icon>`;

exports[`vue block extensions should add an extension with a mapped content 1`] = `<icon tooltip="my-tooltip"></icon>`;

exports[`vue block extensions should add an extension with a quoted attribute 1`] = `<icon attr="my attribute"></icon>`;

exports[`vue block extensions should add an extension with all types of parameters 1`] = `<icon attr3="my attribute" attr2="my-attr" class="my-class" id="my-id" attr="default"></icon>`;

exports[`vue block extensions should add an extension with an attribute 1`] = `<icon attr="my-attr"></icon>`;

exports[`vue block extensions should add an extension with an id 1`] = `<icon id="my-id"></icon>`;

exports[`vue block extensions should work with other markdown 1`] = `
<div>
  <h1>heading</h1>
  <icon></icon>
</div>
`;

exports[`vue inline extensions should add an extension 1`] = `
<p>
  <icon></icon>
</p>
`;

exports[`vue inline extensions should add an extension with a boolean property 1`] = `
<p>
  <icon highlight="true"></icon>
</p>
`;

exports[`vue inline extensions should add an extension with a class 1`] = `
<p>
  <icon class="my-class"></icon>
</p>
`;

exports[`vue inline extensions should add an extension with a lone attribute 1`] = `
<p>
  <icon attr=""></icon>
</p>
`;

exports[`vue inline extensions should add an extension with a lone attribute with a default boolean value 1`] = `
<p>
  <icon highlight="true"></icon>
</p>
`;

exports[`vue inline extensions should add an extension with a lone attribute with a default value 1`] = `
<p>
  <icon attr="default"></icon>
</p>
`;

exports[`vue inline extensions should add an extension with a mapped argument 1`] = `
<p>
  <icon icon="my-icon"></icon>
</p>
`;

exports[`vue inline extensions should add an extension with a mapped content 1`] = `
<p>
  <icon tooltip="my-tooltip"></icon>
</p>
`;

exports[`vue inline extensions should add an extension with a quoted attribute 1`] = `
<p>
  <icon attr="my attribute"></icon>
</p>
`;

exports[`vue inline extensions should add an extension with all types of parameters 1`] = `
<p>
  <icon attr3="my attribute" attr2="my-attr" class="my-class" id="my-id" attr="default"></icon>
</p>
`;

exports[`vue inline extensions should add an extension with an attribute 1`] = `
<p>
  <icon attr="my-attr"></icon>
</p>
`;

exports[`vue inline extensions should add an extension with an id 1`] = `
<p>
  <icon id="my-id"></icon>
</p>
`;

exports[`vue inline extensions should work with other markdown 1`] = `
<div>
  <h1>heading</h1>
  <p>
    <icon></icon>
  </p>
</div>
`;
